<?xml version="1.0" encoding="ISO-8859-1" ?>
<link_info>
   <banner>TMS320C2000 Linker PC v18.12.2.LTS</banner>
   <copyright>Copyright (c) 1996-2018 Texas Instruments Incorporated</copyright>
   <link_time>0x5d39ec00</link_time>
   <link_errors>0x0</link_errors>
   <output_file>blinky_dc_cpu02.out</output_file>
   <entry_point>
      <name>_c_int00</name>
      <address>0x8000</address>
   </entry_point>
   <input_file_list>
      <input_file id="fl-2">
         <path>.\</path>
         <kind>object</kind>
         <file>F2837xD_CodeStartBranch.obj</file>
         <name>F2837xD_CodeStartBranch.obj</name>
      </input_file>
      <input_file id="fl-3">
         <path>.\</path>
         <kind>object</kind>
         <file>F2837xD_DefaultISR.obj</file>
         <name>F2837xD_DefaultISR.obj</name>
      </input_file>
      <input_file id="fl-4">
         <path>.\</path>
         <kind>object</kind>
         <file>F2837xD_GlobalVariableDefs.obj</file>
         <name>F2837xD_GlobalVariableDefs.obj</name>
      </input_file>
      <input_file id="fl-5">
         <path>.\</path>
         <kind>object</kind>
         <file>F2837xD_Gpio.obj</file>
         <name>F2837xD_Gpio.obj</name>
      </input_file>
      <input_file id="fl-6">
         <path>.\</path>
         <kind>object</kind>
         <file>F2837xD_Ipc.obj</file>
         <name>F2837xD_Ipc.obj</name>
      </input_file>
      <input_file id="fl-7">
         <path>.\</path>
         <kind>object</kind>
         <file>F2837xD_PieCtrl.obj</file>
         <name>F2837xD_PieCtrl.obj</name>
      </input_file>
      <input_file id="fl-8">
         <path>.\</path>
         <kind>object</kind>
         <file>F2837xD_PieVect.obj</file>
         <name>F2837xD_PieVect.obj</name>
      </input_file>
      <input_file id="fl-9">
         <path>.\</path>
         <kind>object</kind>
         <file>F2837xD_SysCtrl.obj</file>
         <name>F2837xD_SysCtrl.obj</name>
      </input_file>
      <input_file id="fl-a">
         <path>.\</path>
         <kind>object</kind>
         <file>F2837xD_usDelay.obj</file>
         <name>F2837xD_usDelay.obj</name>
      </input_file>
      <input_file id="fl-b">
         <path>.\</path>
         <kind>object</kind>
         <file>blinky_dc_cpu02.obj</file>
         <name>blinky_dc_cpu02.obj</name>
      </input_file>
      <input_file id="fl-11">
         <kind>object</kind>
         <file>&lt;internal&gt;</file>
         <name>&lt;internal&gt;</name>
      </input_file>
      <input_file id="fl-12">
         <path>C:\ti\ccs910\ccs\tools\compiler\ti-cgt-c2000_18.12.2.LTS\lib\</path>
         <kind>archive</kind>
         <file>rts2800_fpu32.lib</file>
         <name>boot28.asm.obj</name>
      </input_file>
      <input_file id="fl-13">
         <path>C:\ti\ccs910\ccs\tools\compiler\ti-cgt-c2000_18.12.2.LTS\lib\</path>
         <kind>archive</kind>
         <file>rts2800_fpu32.lib</file>
         <name>ll_aox28.asm.obj</name>
      </input_file>
      <input_file id="fl-14">
         <path>C:\ti\ccs910\ccs\tools\compiler\ti-cgt-c2000_18.12.2.LTS\lib\</path>
         <kind>archive</kind>
         <file>rts2800_fpu32.lib</file>
         <name>cpy_tbl.c.obj</name>
      </input_file>
      <input_file id="fl-15">
         <path>C:\ti\ccs910\ccs\tools\compiler\ti-cgt-c2000_18.12.2.LTS\lib\</path>
         <kind>archive</kind>
         <file>rts2800_fpu32.lib</file>
         <name>memcpy.c.obj</name>
      </input_file>
      <input_file id="fl-16">
         <path>C:\ti\ccs910\ccs\tools\compiler\ti-cgt-c2000_18.12.2.LTS\lib\</path>
         <kind>archive</kind>
         <file>rts2800_fpu32.lib</file>
         <name>pre_init.c.obj</name>
      </input_file>
      <input_file id="fl-17">
         <path>C:\ti\ccs910\ccs\tools\compiler\ti-cgt-c2000_18.12.2.LTS\lib\</path>
         <kind>archive</kind>
         <file>rts2800_fpu32.lib</file>
         <name>startup.c.obj</name>
      </input_file>
      <input_file id="fl-18">
         <path>C:\ti\ccs910\ccs\tools\compiler\ti-cgt-c2000_18.12.2.LTS\lib\</path>
         <kind>archive</kind>
         <file>rts2800_fpu32.lib</file>
         <name>exit.c.obj</name>
      </input_file>
      <input_file id="fl-19">
         <path>C:\ti\ccs910\ccs\tools\compiler\ti-cgt-c2000_18.12.2.LTS\lib\</path>
         <kind>archive</kind>
         <file>rts2800_fpu32.lib</file>
         <name>_lock.c.obj</name>
      </input_file>
      <input_file id="fl-1a">
         <path>C:\ti\ccs910\ccs\tools\compiler\ti-cgt-c2000_18.12.2.LTS\lib\</path>
         <kind>archive</kind>
         <file>rts2800_fpu32.lib</file>
         <name>args_main.c.obj</name>
      </input_file>
      <input_file id="fl-1b">
         <path>C:\ti\ccs910\ccs\tools\compiler\ti-cgt-c2000_18.12.2.LTS\lib\</path>
         <kind>archive</kind>
         <file>rts2800_fpu32.lib</file>
         <name>memset.c.obj</name>
      </input_file>
   </input_file_list>
   <object_component_list>
      <object_component id="oc-70">
         <name>codestart</name>
         <load_address>0x0</load_address>
         <run_address>0x0</run_address>
         <size>0x2</size>
         <input_file_ref idref="fl-2"/>
      </object_component>
      <object_component id="oc-6f">
         <name>.text</name>
         <load_address>0x8000</load_address>
         <run_address>0x8000</run_address>
         <size>0x56</size>
         <input_file_ref idref="fl-12"/>
      </object_component>
      <object_component id="oc-12d">
         <name>.text</name>
         <load_address>0x8056</load_address>
         <run_address>0x8056</run_address>
         <size>0x29</size>
         <input_file_ref idref="fl-18"/>
      </object_component>
      <object_component id="oc-134">
         <name>.text</name>
         <load_address>0x807f</load_address>
         <run_address>0x807f</run_address>
         <size>0x28</size>
         <input_file_ref idref="fl-7"/>
      </object_component>
      <object_component id="oc-12f">
         <name>.text</name>
         <load_address>0x80a7</load_address>
         <run_address>0x80a7</run_address>
         <size>0x28</size>
         <input_file_ref idref="fl-b"/>
      </object_component>
      <object_component id="oc-135">
         <name>.text</name>
         <load_address>0x80cf</load_address>
         <run_address>0x80cf</run_address>
         <size>0x26</size>
         <input_file_ref idref="fl-8"/>
      </object_component>
      <object_component id="oc-12a">
         <name>.text</name>
         <load_address>0x80f5</load_address>
         <run_address>0x80f5</run_address>
         <size>0x24</size>
         <input_file_ref idref="fl-14"/>
      </object_component>
      <object_component id="oc-12e">
         <name>.text</name>
         <load_address>0x8119</load_address>
         <run_address>0x8119</run_address>
         <size>0x1d</size>
         <input_file_ref idref="fl-15"/>
      </object_component>
      <object_component id="oc-12c">
         <name>.text</name>
         <load_address>0x8136</load_address>
         <run_address>0x8136</run_address>
         <size>0x19</size>
         <input_file_ref idref="fl-1a"/>
      </object_component>
      <object_component id="oc-fa">
         <name>.text</name>
         <load_address>0x814f</load_address>
         <run_address>0x814f</run_address>
         <size>0x18</size>
         <input_file_ref idref="fl-13"/>
      </object_component>
      <object_component id="oc-76">
         <name>.text:retain</name>
         <load_address>0xb000</load_address>
         <run_address>0xb000</run_address>
         <size>0x585</size>
         <input_file_ref idref="fl-3"/>
      </object_component>
      <object_component id="oc-132">
         <name>.text</name>
         <load_address>0xb585</load_address>
         <run_address>0xb585</run_address>
         <size>0x23a</size>
         <input_file_ref idref="fl-9"/>
      </object_component>
      <object_component id="oc-133">
         <name>.text</name>
         <load_address>0xb7bf</load_address>
         <run_address>0xb7bf</run_address>
         <size>0x35</size>
         <input_file_ref idref="fl-5"/>
      </object_component>
      <object_component id="oc-136">
         <name>.text</name>
         <load_address>0xb7f4</load_address>
         <run_address>0xb7f4</run_address>
         <size>0x9</size>
         <input_file_ref idref="fl-19"/>
      </object_component>
      <object_component id="oc-129">
         <name>.text</name>
         <load_address>0xb7fd</load_address>
         <run_address>0xb7fd</run_address>
         <size>0x2</size>
         <input_file_ref idref="fl-16"/>
      </object_component>
      <object_component id="oc-12b">
         <name>.text</name>
         <load_address>0xb7ff</load_address>
         <run_address>0xb7ff</run_address>
         <size>0x1</size>
         <input_file_ref idref="fl-17"/>
      </object_component>
      <object_component id="oc-114">
         <name>.cinit</name>
         <load_address>0x80</load_address>
         <run_address>0x80</run_address>
         <size>0xe</size>
         <input_file_ref idref="fl-18"/>
      </object_component>
      <object_component id="oc-131">
         <name>.cinit:__lock</name>
         <load_address>0x8e</load_address>
         <run_address>0x8e</run_address>
         <size>0x5</size>
         <input_file_ref idref="fl-19"/>
      </object_component>
      <object_component id="oc-137">
         <name>.cinit:__unlock</name>
         <load_address>0x93</load_address>
         <run_address>0x93</run_address>
         <size>0x5</size>
         <input_file_ref idref="fl-19"/>
      </object_component>
      <object_component id="oc-f5">
         <name>.reset</name>
         <load_address>0x3fffc0</load_address>
         <run_address>0x3fffc0</run_address>
         <size>0x2</size>
         <input_file_ref idref="fl-12"/>
      </object_component>
      <object_component id="oc-f4">
         <name>.stack</name>
         <uninitialized>true</uninitialized>
         <run_address>0x400</run_address>
         <size>0x0</size>
         <input_file_ref idref="fl-12"/>
      </object_component>
      <object_component id="oc-1ae">
         <name>.stack</name>
         <uninitialized>true</uninitialized>
         <run_address>0x400</run_address>
         <size>0x0</size>
      </object_component>
      <object_component id="oc-115">
         <name>.ebss</name>
         <uninitialized>true</uninitialized>
         <run_address>0xa9c0</run_address>
         <size>0x6</size>
         <input_file_ref idref="fl-18"/>
      </object_component>
      <object_component id="oc-130">
         <name>.ebss:__lock</name>
         <uninitialized>true</uninitialized>
         <run_address>0xa9c6</run_address>
         <size>0x2</size>
         <input_file_ref idref="fl-19"/>
      </object_component>
      <object_component id="oc-139">
         <name>.ebss:__unlock</name>
         <uninitialized>true</uninitialized>
         <run_address>0xa9c8</run_address>
         <size>0x2</size>
         <input_file_ref idref="fl-19"/>
      </object_component>
      <object_component id="oc-138">
         <name>.econst:_PieVectTableInit</name>
         <load_address>0xa800</load_address>
         <run_address>0xa800</run_address>
         <size>0x1c0</size>
         <input_file_ref idref="fl-8"/>
      </object_component>
      <object_component id="oc-ea">
         <name>.TI.ramfunc</name>
         <load_address>0x9a</load_address>
         <run_address>0x9a</run_address>
         <size>0x4</size>
         <input_file_ref idref="fl-a"/>
      </object_component>
      <object_component id="oc-cf">
         <name>PieVectTableFile</name>
         <uninitialized>true</uninitialized>
         <run_address>0xd00</run_address>
         <size>0x1c0</size>
         <input_file_ref idref="fl-4"/>
      </object_component>
      <object_component id="oc-7c">
         <name>EmuBModeVar</name>
         <uninitialized>true</uninitialized>
         <run_address>0xd00</run_address>
         <size>0x1</size>
         <input_file_ref idref="fl-4"/>
      </object_component>
      <object_component id="oc-8f">
         <name>AdcaResultFile</name>
         <uninitialized>true</uninitialized>
         <run_address>0xb00</run_address>
         <size>0x18</size>
         <input_file_ref idref="fl-4"/>
      </object_component>
      <object_component id="oc-90">
         <name>AdcbResultFile</name>
         <uninitialized>true</uninitialized>
         <run_address>0xb20</run_address>
         <size>0x18</size>
         <input_file_ref idref="fl-4"/>
      </object_component>
      <object_component id="oc-91">
         <name>AdccResultFile</name>
         <uninitialized>true</uninitialized>
         <run_address>0xb40</run_address>
         <size>0x18</size>
         <input_file_ref idref="fl-4"/>
      </object_component>
      <object_component id="oc-92">
         <name>AdcdResultFile</name>
         <uninitialized>true</uninitialized>
         <run_address>0xb60</run_address>
         <size>0x18</size>
         <input_file_ref idref="fl-4"/>
      </object_component>
      <object_component id="oc-b7">
         <name>AdcaRegsFile</name>
         <uninitialized>true</uninitialized>
         <run_address>0x7400</run_address>
         <size>0x80</size>
         <input_file_ref idref="fl-4"/>
      </object_component>
      <object_component id="oc-b8">
         <name>AdcbRegsFile</name>
         <uninitialized>true</uninitialized>
         <run_address>0x7480</run_address>
         <size>0x80</size>
         <input_file_ref idref="fl-4"/>
      </object_component>
      <object_component id="oc-b9">
         <name>AdccRegsFile</name>
         <uninitialized>true</uninitialized>
         <run_address>0x7500</run_address>
         <size>0x80</size>
         <input_file_ref idref="fl-4"/>
      </object_component>
      <object_component id="oc-ba">
         <name>AdcdRegsFile</name>
         <uninitialized>true</uninitialized>
         <run_address>0x7580</run_address>
         <size>0x80</size>
         <input_file_ref idref="fl-4"/>
      </object_component>
      <object_component id="oc-cc">
         <name>CanaRegsFile</name>
         <uninitialized>true</uninitialized>
         <run_address>0x48000</run_address>
         <size>0x164</size>
         <input_file_ref idref="fl-4"/>
      </object_component>
      <object_component id="oc-cd">
         <name>CanbRegsFile</name>
         <uninitialized>true</uninitialized>
         <run_address>0x4a000</run_address>
         <size>0x164</size>
         <input_file_ref idref="fl-4"/>
      </object_component>
      <object_component id="oc-b2">
         <name>Cla1RegsFile</name>
         <uninitialized>true</uninitialized>
         <run_address>0x1400</run_address>
         <size>0x3e</size>
         <input_file_ref idref="fl-4"/>
      </object_component>
      <object_component id="oc-7e">
         <name>Cla1SoftIntRegsFile</name>
         <uninitialized>true</uninitialized>
         <run_address>0xce0</run_address>
         <size>0x4</size>
         <input_file_ref idref="fl-4"/>
      </object_component>
      <object_component id="oc-95">
         <name>Cmpss1RegsFile</name>
         <uninitialized>true</uninitialized>
         <run_address>0x5c80</run_address>
         <size>0x20</size>
         <input_file_ref idref="fl-4"/>
      </object_component>
      <object_component id="oc-96">
         <name>Cmpss2RegsFile</name>
         <uninitialized>true</uninitialized>
         <run_address>0x5ca0</run_address>
         <size>0x20</size>
         <input_file_ref idref="fl-4"/>
      </object_component>
      <object_component id="oc-97">
         <name>Cmpss3RegsFile</name>
         <uninitialized>true</uninitialized>
         <run_address>0x5cc0</run_address>
         <size>0x20</size>
         <input_file_ref idref="fl-4"/>
      </object_component>
      <object_component id="oc-98">
         <name>Cmpss4RegsFile</name>
         <uninitialized>true</uninitialized>
         <run_address>0x5ce0</run_address>
         <size>0x20</size>
         <input_file_ref idref="fl-4"/>
      </object_component>
      <object_component id="oc-99">
         <name>Cmpss5RegsFile</name>
         <uninitialized>true</uninitialized>
         <run_address>0x5d00</run_address>
         <size>0x20</size>
         <input_file_ref idref="fl-4"/>
      </object_component>
      <object_component id="oc-9a">
         <name>Cmpss6RegsFile</name>
         <uninitialized>true</uninitialized>
         <run_address>0x5d20</run_address>
         <size>0x20</size>
         <input_file_ref idref="fl-4"/>
      </object_component>
      <object_component id="oc-9b">
         <name>Cmpss7RegsFile</name>
         <uninitialized>true</uninitialized>
         <run_address>0x5d40</run_address>
         <size>0x20</size>
         <input_file_ref idref="fl-4"/>
      </object_component>
      <object_component id="oc-9c">
         <name>Cmpss8RegsFile</name>
         <uninitialized>true</uninitialized>
         <run_address>0x5d60</run_address>
         <size>0x20</size>
         <input_file_ref idref="fl-4"/>
      </object_component>
      <object_component id="oc-83">
         <name>CpuTimer0RegsFile</name>
         <uninitialized>true</uninitialized>
         <run_address>0xc00</run_address>
         <size>0x8</size>
         <input_file_ref idref="fl-4"/>
      </object_component>
      <object_component id="oc-84">
         <name>CpuTimer1RegsFile</name>
         <uninitialized>true</uninitialized>
         <run_address>0xc08</run_address>
         <size>0x8</size>
         <input_file_ref idref="fl-4"/>
      </object_component>
      <object_component id="oc-85">
         <name>CpuTimer2RegsFile</name>
         <uninitialized>true</uninitialized>
         <run_address>0xc10</run_address>
         <size>0x8</size>
         <input_file_ref idref="fl-4"/>
      </object_component>
      <object_component id="oc-80">
         <name>DacaRegsFile</name>
         <uninitialized>true</uninitialized>
         <run_address>0x5c00</run_address>
         <size>0x8</size>
         <input_file_ref idref="fl-4"/>
      </object_component>
      <object_component id="oc-81">
         <name>DacbRegsFile</name>
         <uninitialized>true</uninitialized>
         <run_address>0x5c10</run_address>
         <size>0x8</size>
         <input_file_ref idref="fl-4"/>
      </object_component>
      <object_component id="oc-82">
         <name>DaccRegsFile</name>
         <uninitialized>true</uninitialized>
         <run_address>0x5c20</run_address>
         <size>0x8</size>
         <input_file_ref idref="fl-4"/>
      </object_component>
      <object_component id="oc-a9">
         <name>DcsmZ1RegsFile</name>
         <uninitialized>true</uninitialized>
         <run_address>0x5f000</run_address>
         <size>0x24</size>
         <input_file_ref idref="fl-4"/>
      </object_component>
      <object_component id="oc-aa">
         <name>DcsmZ2RegsFile</name>
         <uninitialized>true</uninitialized>
         <run_address>0x5f040</run_address>
         <size>0x24</size>
         <input_file_ref idref="fl-4"/>
      </object_component>
      <object_component id="oc-86">
         <name>DcsmCommonRegsFile</name>
         <uninitialized>true</uninitialized>
         <run_address>0x5f070</run_address>
         <size>0x8</size>
         <input_file_ref idref="fl-4"/>
      </object_component>
      <object_component id="oc-bf">
         <name>DmaRegsFile</name>
         <uninitialized>true</uninitialized>
         <run_address>0x1000</run_address>
         <size>0xe0</size>
         <input_file_ref idref="fl-4"/>
      </object_component>
      <object_component id="oc-93">
         <name>DmaClaSrcSelRegsFile</name>
         <uninitialized>true</uninitialized>
         <run_address>0x7980</run_address>
         <size>0x1a</size>
         <input_file_ref idref="fl-4"/>
      </object_component>
      <object_component id="oc-9d">
         <name>ECap1RegsFile</name>
         <uninitialized>true</uninitialized>
         <run_address>0x5000</run_address>
         <size>0x20</size>
         <input_file_ref idref="fl-4"/>
      </object_component>
      <object_component id="oc-9e">
         <name>ECap2RegsFile</name>
         <uninitialized>true</uninitialized>
         <run_address>0x5020</run_address>
         <size>0x20</size>
         <input_file_ref idref="fl-4"/>
      </object_component>
      <object_component id="oc-9f">
         <name>ECap3RegsFile</name>
         <uninitialized>true</uninitialized>
         <run_address>0x5040</run_address>
         <size>0x20</size>
         <input_file_ref idref="fl-4"/>
      </object_component>
      <object_component id="oc-a0">
         <name>ECap4RegsFile</name>
         <uninitialized>true</uninitialized>
         <run_address>0x5060</run_address>
         <size>0x20</size>
         <input_file_ref idref="fl-4"/>
      </object_component>
      <object_component id="oc-a1">
         <name>ECap5RegsFile</name>
         <uninitialized>true</uninitialized>
         <run_address>0x5080</run_address>
         <size>0x20</size>
         <input_file_ref idref="fl-4"/>
      </object_component>
      <object_component id="oc-a2">
         <name>ECap6RegsFile</name>
         <uninitialized>true</uninitialized>
         <run_address>0x50a0</run_address>
         <size>0x20</size>
         <input_file_ref idref="fl-4"/>
      </object_component>
      <object_component id="oc-b5">
         <name>Emif1RegsFile</name>
         <uninitialized>true</uninitialized>
         <run_address>0x47000</run_address>
         <size>0x70</size>
         <input_file_ref idref="fl-4"/>
      </object_component>
      <object_component id="oc-b6">
         <name>Emif2RegsFile</name>
         <uninitialized>true</uninitialized>
         <run_address>0x47800</run_address>
         <size>0x70</size>
         <input_file_ref idref="fl-4"/>
      </object_component>
      <object_component id="oc-c0">
         <name>EPwm1RegsFile</name>
         <uninitialized>true</uninitialized>
         <run_address>0x4000</run_address>
         <size>0x100</size>
         <input_file_ref idref="fl-4"/>
      </object_component>
      <object_component id="oc-c1">
         <name>EPwm2RegsFile</name>
         <uninitialized>true</uninitialized>
         <run_address>0x4100</run_address>
         <size>0x100</size>
         <input_file_ref idref="fl-4"/>
      </object_component>
      <object_component id="oc-c2">
         <name>EPwm3RegsFile</name>
         <uninitialized>true</uninitialized>
         <run_address>0x4200</run_address>
         <size>0x100</size>
         <input_file_ref idref="fl-4"/>
      </object_component>
      <object_component id="oc-c3">
         <name>EPwm4RegsFile</name>
         <uninitialized>true</uninitialized>
         <run_address>0x4300</run_address>
         <size>0x100</size>
         <input_file_ref idref="fl-4"/>
      </object_component>
      <object_component id="oc-c4">
         <name>EPwm5RegsFile</name>
         <uninitialized>true</uninitialized>
         <run_address>0x4400</run_address>
         <size>0x100</size>
         <input_file_ref idref="fl-4"/>
      </object_component>
      <object_component id="oc-c5">
         <name>EPwm6RegsFile</name>
         <uninitialized>true</uninitialized>
         <run_address>0x4500</run_address>
         <size>0x100</size>
         <input_file_ref idref="fl-4"/>
      </object_component>
      <object_component id="oc-c6">
         <name>EPwm7RegsFile</name>
         <uninitialized>true</uninitialized>
         <run_address>0x4600</run_address>
         <size>0x100</size>
         <input_file_ref idref="fl-4"/>
      </object_component>
      <object_component id="oc-c7">
         <name>EPwm8RegsFile</name>
         <uninitialized>true</uninitialized>
         <run_address>0x4700</run_address>
         <size>0x100</size>
         <input_file_ref idref="fl-4"/>
      </object_component>
      <object_component id="oc-c8">
         <name>EPwm9RegsFile</name>
         <uninitialized>true</uninitialized>
         <run_address>0x4800</run_address>
         <size>0x100</size>
         <input_file_ref idref="fl-4"/>
      </object_component>
      <object_component id="oc-c9">
         <name>EPwm10RegsFile</name>
         <uninitialized>true</uninitialized>
         <run_address>0x4900</run_address>
         <size>0x100</size>
         <input_file_ref idref="fl-4"/>
      </object_component>
      <object_component id="oc-ca">
         <name>EPwm11RegsFile</name>
         <uninitialized>true</uninitialized>
         <run_address>0x4a00</run_address>
         <size>0x100</size>
         <input_file_ref idref="fl-4"/>
      </object_component>
      <object_component id="oc-cb">
         <name>EPwm12RegsFile</name>
         <uninitialized>true</uninitialized>
         <run_address>0x4b00</run_address>
         <size>0x100</size>
         <input_file_ref idref="fl-4"/>
      </object_component>
      <object_component id="oc-a4">
         <name>EQep1RegsFile</name>
         <uninitialized>true</uninitialized>
         <run_address>0x5100</run_address>
         <size>0x22</size>
         <input_file_ref idref="fl-4"/>
      </object_component>
      <object_component id="oc-a5">
         <name>EQep2RegsFile</name>
         <uninitialized>true</uninitialized>
         <run_address>0x5140</run_address>
         <size>0x22</size>
         <input_file_ref idref="fl-4"/>
      </object_component>
      <object_component id="oc-a6">
         <name>EQep3RegsFile</name>
         <uninitialized>true</uninitialized>
         <run_address>0x5180</run_address>
         <size>0x22</size>
         <input_file_ref idref="fl-4"/>
      </object_component>
      <object_component id="oc-ce">
         <name>Flash0CtrlRegsFile</name>
         <uninitialized>true</uninitialized>
         <run_address>0x5f800</run_address>
         <size>0x182</size>
         <input_file_ref idref="fl-4"/>
      </object_component>
      <object_component id="oc-ae">
         <name>Flash0EccRegsFile</name>
         <uninitialized>true</uninitialized>
         <run_address>0x5fb00</run_address>
         <size>0x28</size>
         <input_file_ref idref="fl-4"/>
      </object_component>
      <object_component id="oc-b0">
         <name>GpioDataRegsFile</name>
         <uninitialized>true</uninitialized>
         <run_address>0x7f00</run_address>
         <size>0x30</size>
         <input_file_ref idref="fl-4"/>
      </object_component>
      <object_component id="oc-a7">
         <name>I2caRegsFile</name>
         <uninitialized>true</uninitialized>
         <run_address>0x7300</run_address>
         <size>0x22</size>
         <input_file_ref idref="fl-4"/>
      </object_component>
      <object_component id="oc-a8">
         <name>I2cbRegsFile</name>
         <uninitialized>true</uninitialized>
         <run_address>0x7340</run_address>
         <size>0x22</size>
         <input_file_ref idref="fl-4"/>
      </object_component>
      <object_component id="oc-ab">
         <name>IpcRegsFile</name>
         <uninitialized>true</uninitialized>
         <run_address>0x50000</run_address>
         <size>0x24</size>
         <input_file_ref idref="fl-4"/>
      </object_component>
      <object_component id="oc-7d">
         <name>FlashPumpSemaphoreRegsFile</name>
         <uninitialized>true</uninitialized>
         <run_address>0x50024</run_address>
         <size>0x2</size>
         <input_file_ref idref="fl-4"/>
      </object_component>
      <object_component id="oc-bb">
         <name>MemCfgRegsFile</name>
         <uninitialized>true</uninitialized>
         <run_address>0x5f400</run_address>
         <size>0x80</size>
         <input_file_ref idref="fl-4"/>
      </object_component>
      <object_component id="oc-a3">
         <name>Emif1ConfigRegsFile</name>
         <uninitialized>true</uninitialized>
         <run_address>0x5f480</run_address>
         <size>0x20</size>
         <input_file_ref idref="fl-4"/>
      </object_component>
      <object_component id="oc-b3">
         <name>AccessProtectionRegsFile</name>
         <uninitialized>true</uninitialized>
         <run_address>0x5f4c0</run_address>
         <size>0x40</size>
         <input_file_ref idref="fl-4"/>
      </object_component>
      <object_component id="oc-b4">
         <name>MemoryErrorRegsFile</name>
         <uninitialized>true</uninitialized>
         <run_address>0x5f500</run_address>
         <size>0x40</size>
         <input_file_ref idref="fl-4"/>
      </object_component>
      <object_component id="oc-ac">
         <name>McbspaRegsFile</name>
         <uninitialized>true</uninitialized>
         <run_address>0x6000</run_address>
         <size>0x24</size>
         <input_file_ref idref="fl-4"/>
      </object_component>
      <object_component id="oc-ad">
         <name>McbspbRegsFile</name>
         <uninitialized>true</uninitialized>
         <run_address>0x6040</run_address>
         <size>0x24</size>
         <input_file_ref idref="fl-4"/>
      </object_component>
      <object_component id="oc-7f">
         <name>NmiIntruptRegsFile</name>
         <uninitialized>true</uninitialized>
         <run_address>0x7060</run_address>
         <size>0x7</size>
         <input_file_ref idref="fl-4"/>
      </object_component>
      <object_component id="oc-94">
         <name>PieCtrlRegsFile</name>
         <uninitialized>true</uninitialized>
         <run_address>0xce0</run_address>
         <size>0x1a</size>
         <input_file_ref idref="fl-4"/>
      </object_component>
      <object_component id="oc-88">
         <name>SciaRegsFile</name>
         <uninitialized>true</uninitialized>
         <run_address>0x7200</run_address>
         <size>0x10</size>
         <input_file_ref idref="fl-4"/>
      </object_component>
      <object_component id="oc-89">
         <name>ScibRegsFile</name>
         <uninitialized>true</uninitialized>
         <run_address>0x7210</run_address>
         <size>0x10</size>
         <input_file_ref idref="fl-4"/>
      </object_component>
      <object_component id="oc-8a">
         <name>ScicRegsFile</name>
         <uninitialized>true</uninitialized>
         <run_address>0x7220</run_address>
         <size>0x10</size>
         <input_file_ref idref="fl-4"/>
      </object_component>
      <object_component id="oc-8b">
         <name>ScidRegsFile</name>
         <uninitialized>true</uninitialized>
         <run_address>0x7230</run_address>
         <size>0x10</size>
         <input_file_ref idref="fl-4"/>
      </object_component>
      <object_component id="oc-bc">
         <name>Sdfm1RegsFile</name>
         <uninitialized>true</uninitialized>
         <run_address>0x5e00</run_address>
         <size>0x80</size>
         <input_file_ref idref="fl-4"/>
      </object_component>
      <object_component id="oc-bd">
         <name>Sdfm2RegsFile</name>
         <uninitialized>true</uninitialized>
         <run_address>0x5e80</run_address>
         <size>0x80</size>
         <input_file_ref idref="fl-4"/>
      </object_component>
      <object_component id="oc-8c">
         <name>SpiaRegsFile</name>
         <uninitialized>true</uninitialized>
         <run_address>0x6100</run_address>
         <size>0x10</size>
         <input_file_ref idref="fl-4"/>
      </object_component>
      <object_component id="oc-8d">
         <name>SpibRegsFile</name>
         <uninitialized>true</uninitialized>
         <run_address>0x6110</run_address>
         <size>0x10</size>
         <input_file_ref idref="fl-4"/>
      </object_component>
      <object_component id="oc-8e">
         <name>SpicRegsFile</name>
         <uninitialized>true</uninitialized>
         <run_address>0x6120</run_address>
         <size>0x10</size>
         <input_file_ref idref="fl-4"/>
      </object_component>
      <object_component id="oc-b1">
         <name>ClkCfgRegsFile</name>
         <uninitialized>true</uninitialized>
         <run_address>0x5d200</run_address>
         <size>0x32</size>
         <input_file_ref idref="fl-4"/>
      </object_component>
      <object_component id="oc-be">
         <name>CpuSysRegsFile</name>
         <uninitialized>true</uninitialized>
         <run_address>0x5d300</run_address>
         <size>0x82</size>
         <input_file_ref idref="fl-4"/>
      </object_component>
      <object_component id="oc-af">
         <name>WdRegsFile</name>
         <uninitialized>true</uninitialized>
         <run_address>0x7000</run_address>
         <size>0x2b</size>
         <input_file_ref idref="fl-4"/>
      </object_component>
      <object_component id="oc-87">
         <name>XintRegsFile</name>
         <uninitialized>true</uninitialized>
         <run_address>0x7070</run_address>
         <size>0xb</size>
         <input_file_ref idref="fl-4"/>
      </object_component>
      <object_component id="oc-71">
         <name>.debug_line</name>
         <load_address>0x0</load_address>
         <run_address>0x0</run_address>
         <size>0x93</size>
         <input_file_ref idref="fl-2"/>
      </object_component>
      <object_component id="oc-78">
         <name>.debug_line</name>
         <load_address>0x93</load_address>
         <run_address>0x93</run_address>
         <size>0xd25</size>
         <input_file_ref idref="fl-3"/>
      </object_component>
      <object_component id="oc-d3">
         <name>.debug_line</name>
         <load_address>0xdb8</load_address>
         <run_address>0xdb8</run_address>
         <size>0xb7</size>
         <input_file_ref idref="fl-5"/>
      </object_component>
      <object_component id="oc-d8">
         <name>.debug_line</name>
         <load_address>0xe6f</load_address>
         <run_address>0xe6f</run_address>
         <size>0x77</size>
         <input_file_ref idref="fl-6"/>
      </object_component>
      <object_component id="oc-dd">
         <name>.debug_line</name>
         <load_address>0xee6</load_address>
         <run_address>0xee6</run_address>
         <size>0xcd</size>
         <input_file_ref idref="fl-7"/>
      </object_component>
      <object_component id="oc-e2">
         <name>.debug_line</name>
         <load_address>0xfb3</load_address>
         <run_address>0xfb3</run_address>
         <size>0xaf</size>
         <input_file_ref idref="fl-8"/>
      </object_component>
      <object_component id="oc-e7">
         <name>.debug_line</name>
         <load_address>0x1062</load_address>
         <run_address>0x1062</run_address>
         <size>0x3da</size>
         <input_file_ref idref="fl-9"/>
      </object_component>
      <object_component id="oc-eb">
         <name>.debug_line</name>
         <load_address>0x143c</load_address>
         <run_address>0x143c</run_address>
         <size>0x90</size>
         <input_file_ref idref="fl-a"/>
      </object_component>
      <object_component id="oc-f1">
         <name>.debug_line</name>
         <load_address>0x14cc</load_address>
         <run_address>0x14cc</run_address>
         <size>0xb2</size>
         <input_file_ref idref="fl-b"/>
      </object_component>
      <object_component id="oc-f7">
         <name>.debug_line</name>
         <load_address>0x157e</load_address>
         <run_address>0x157e</run_address>
         <size>0x7e</size>
         <input_file_ref idref="fl-12"/>
      </object_component>
      <object_component id="oc-fc">
         <name>.debug_line</name>
         <load_address>0x15fc</load_address>
         <run_address>0x15fc</run_address>
         <size>0x6c</size>
         <input_file_ref idref="fl-13"/>
      </object_component>
      <object_component id="oc-101">
         <name>.debug_line</name>
         <load_address>0x1668</load_address>
         <run_address>0x1668</run_address>
         <size>0x50</size>
         <input_file_ref idref="fl-14"/>
      </object_component>
      <object_component id="oc-106">
         <name>.debug_line</name>
         <load_address>0x16b8</load_address>
         <run_address>0x16b8</run_address>
         <size>0x62</size>
         <input_file_ref idref="fl-15"/>
      </object_component>
      <object_component id="oc-10b">
         <name>.debug_line</name>
         <load_address>0x171a</load_address>
         <run_address>0x171a</run_address>
         <size>0x3e</size>
         <input_file_ref idref="fl-16"/>
      </object_component>
      <object_component id="oc-110">
         <name>.debug_line</name>
         <load_address>0x1758</load_address>
         <run_address>0x1758</run_address>
         <size>0x3a</size>
         <input_file_ref idref="fl-17"/>
      </object_component>
      <object_component id="oc-117">
         <name>.debug_line</name>
         <load_address>0x1792</load_address>
         <run_address>0x1792</run_address>
         <size>0x65</size>
         <input_file_ref idref="fl-18"/>
      </object_component>
      <object_component id="oc-11c">
         <name>.debug_line</name>
         <load_address>0x17f7</load_address>
         <run_address>0x17f7</run_address>
         <size>0x5e</size>
         <input_file_ref idref="fl-19"/>
      </object_component>
      <object_component id="oc-121">
         <name>.debug_line</name>
         <load_address>0x1855</load_address>
         <run_address>0x1855</run_address>
         <size>0x55</size>
         <input_file_ref idref="fl-1a"/>
      </object_component>
      <object_component id="oc-126">
         <name>.debug_line</name>
         <load_address>0x18aa</load_address>
         <run_address>0x18aa</run_address>
         <size>0x8f</size>
         <input_file_ref idref="fl-1b"/>
      </object_component>
      <object_component id="oc-72">
         <name>.debug_info</name>
         <load_address>0x0</load_address>
         <run_address>0x0</run_address>
         <size>0x192</size>
         <input_file_ref idref="fl-2"/>
      </object_component>
      <object_component id="oc-75">
         <name>.debug_info</name>
         <load_address>0x192</load_address>
         <run_address>0x192</run_address>
         <size>0x8236</size>
         <input_file_ref idref="fl-3"/>
      </object_component>
      <object_component id="oc-7b">
         <name>.debug_info</name>
         <load_address>0x83c8</load_address>
         <run_address>0x83c8</run_address>
         <size>0x30588</size>
         <input_file_ref idref="fl-4"/>
      </object_component>
      <object_component id="oc-d1">
         <name>.debug_info</name>
         <load_address>0x38950</load_address>
         <run_address>0x38950</run_address>
         <size>0x5ff1</size>
         <input_file_ref idref="fl-5"/>
      </object_component>
      <object_component id="oc-d6">
         <name>.debug_info</name>
         <load_address>0x3e941</load_address>
         <run_address>0x3e941</run_address>
         <size>0x166c</size>
         <input_file_ref idref="fl-6"/>
      </object_component>
      <object_component id="oc-db">
         <name>.debug_info</name>
         <load_address>0x3ffad</load_address>
         <run_address>0x3ffad</run_address>
         <size>0x36a3</size>
         <input_file_ref idref="fl-7"/>
      </object_component>
      <object_component id="oc-e0">
         <name>.debug_info</name>
         <load_address>0x43650</load_address>
         <run_address>0x43650</run_address>
         <size>0x67d9</size>
         <input_file_ref idref="fl-8"/>
      </object_component>
      <object_component id="oc-e5">
         <name>.debug_info</name>
         <load_address>0x49e29</load_address>
         <run_address>0x49e29</run_address>
         <size>0x8714</size>
         <input_file_ref idref="fl-9"/>
      </object_component>
      <object_component id="oc-ec">
         <name>.debug_info</name>
         <load_address>0x5253d</load_address>
         <run_address>0x5253d</run_address>
         <size>0x18d</size>
         <input_file_ref idref="fl-a"/>
      </object_component>
      <object_component id="oc-ef">
         <name>.debug_info</name>
         <load_address>0x526ca</load_address>
         <run_address>0x526ca</run_address>
         <size>0x5e7</size>
         <input_file_ref idref="fl-b"/>
      </object_component>
      <object_component id="oc-f6">
         <name>.debug_info</name>
         <load_address>0x52cb1</load_address>
         <run_address>0x52cb1</run_address>
         <size>0x174</size>
         <input_file_ref idref="fl-12"/>
      </object_component>
      <object_component id="oc-fb">
         <name>.debug_info</name>
         <load_address>0x52e25</load_address>
         <run_address>0x52e25</run_address>
         <size>0x177</size>
         <input_file_ref idref="fl-13"/>
      </object_component>
      <object_component id="oc-ff">
         <name>.debug_info</name>
         <load_address>0x52f9c</load_address>
         <run_address>0x52f9c</run_address>
         <size>0x562</size>
         <input_file_ref idref="fl-14"/>
      </object_component>
      <object_component id="oc-104">
         <name>.debug_info</name>
         <load_address>0x534fe</load_address>
         <run_address>0x534fe</run_address>
         <size>0x43b</size>
         <input_file_ref idref="fl-15"/>
      </object_component>
      <object_component id="oc-109">
         <name>.debug_info</name>
         <load_address>0x53939</load_address>
         <run_address>0x53939</run_address>
         <size>0x3ae</size>
         <input_file_ref idref="fl-16"/>
      </object_component>
      <object_component id="oc-10e">
         <name>.debug_info</name>
         <load_address>0x53ce7</load_address>
         <run_address>0x53ce7</run_address>
         <size>0x3ab</size>
         <input_file_ref idref="fl-17"/>
      </object_component>
      <object_component id="oc-113">
         <name>.debug_info</name>
         <load_address>0x54092</load_address>
         <run_address>0x54092</run_address>
         <size>0x545</size>
         <input_file_ref idref="fl-18"/>
      </object_component>
      <object_component id="oc-11a">
         <name>.debug_info</name>
         <load_address>0x545d7</load_address>
         <run_address>0x545d7</run_address>
         <size>0x4cd</size>
         <input_file_ref idref="fl-19"/>
      </object_component>
      <object_component id="oc-11f">
         <name>.debug_info</name>
         <load_address>0x54aa4</load_address>
         <run_address>0x54aa4</run_address>
         <size>0x468</size>
         <input_file_ref idref="fl-1a"/>
      </object_component>
      <object_component id="oc-124">
         <name>.debug_info</name>
         <load_address>0x54f0c</load_address>
         <run_address>0x54f0c</run_address>
         <size>0x377</size>
         <input_file_ref idref="fl-1b"/>
      </object_component>
      <object_component id="oc-1b1">
         <name>.debug_info</name>
         <load_address>0x55283</load_address>
         <run_address>0x55283</run_address>
         <size>0xbb</size>
      </object_component>
      <object_component id="oc-73">
         <name>.debug_abbrev</name>
         <load_address>0x0</load_address>
         <run_address>0x0</run_address>
         <size>0x21</size>
         <input_file_ref idref="fl-2"/>
      </object_component>
      <object_component id="oc-79">
         <name>.debug_abbrev</name>
         <load_address>0x21</load_address>
         <run_address>0x21</run_address>
         <size>0xb6</size>
         <input_file_ref idref="fl-3"/>
      </object_component>
      <object_component id="oc-d0">
         <name>.debug_abbrev</name>
         <load_address>0xd7</load_address>
         <run_address>0xd7</run_address>
         <size>0xcb</size>
         <input_file_ref idref="fl-4"/>
      </object_component>
      <object_component id="oc-d4">
         <name>.debug_abbrev</name>
         <load_address>0x1a2</load_address>
         <run_address>0x1a2</run_address>
         <size>0x116</size>
         <input_file_ref idref="fl-5"/>
      </object_component>
      <object_component id="oc-d9">
         <name>.debug_abbrev</name>
         <load_address>0x2b8</load_address>
         <run_address>0x2b8</run_address>
         <size>0x15f</size>
         <input_file_ref idref="fl-6"/>
      </object_component>
      <object_component id="oc-de">
         <name>.debug_abbrev</name>
         <load_address>0x417</load_address>
         <run_address>0x417</run_address>
         <size>0xc8</size>
         <input_file_ref idref="fl-7"/>
      </object_component>
      <object_component id="oc-e3">
         <name>.debug_abbrev</name>
         <load_address>0x4df</load_address>
         <run_address>0x4df</run_address>
         <size>0x116</size>
         <input_file_ref idref="fl-8"/>
      </object_component>
      <object_component id="oc-e8">
         <name>.debug_abbrev</name>
         <load_address>0x5f5</load_address>
         <run_address>0x5f5</run_address>
         <size>0x19c</size>
         <input_file_ref idref="fl-9"/>
      </object_component>
      <object_component id="oc-ed">
         <name>.debug_abbrev</name>
         <load_address>0x791</load_address>
         <run_address>0x791</run_address>
         <size>0x2f</size>
         <input_file_ref idref="fl-a"/>
      </object_component>
      <object_component id="oc-f2">
         <name>.debug_abbrev</name>
         <load_address>0x7c0</load_address>
         <run_address>0x7c0</run_address>
         <size>0x95</size>
         <input_file_ref idref="fl-b"/>
      </object_component>
      <object_component id="oc-f8">
         <name>.debug_abbrev</name>
         <load_address>0x855</load_address>
         <run_address>0x855</run_address>
         <size>0x46</size>
         <input_file_ref idref="fl-12"/>
      </object_component>
      <object_component id="oc-fd">
         <name>.debug_abbrev</name>
         <load_address>0x89b</load_address>
         <run_address>0x89b</run_address>
         <size>0x38</size>
         <input_file_ref idref="fl-13"/>
      </object_component>
      <object_component id="oc-102">
         <name>.debug_abbrev</name>
         <load_address>0x8d3</load_address>
         <run_address>0x8d3</run_address>
         <size>0xe3</size>
         <input_file_ref idref="fl-14"/>
      </object_component>
      <object_component id="oc-107">
         <name>.debug_abbrev</name>
         <load_address>0x9b6</load_address>
         <run_address>0x9b6</run_address>
         <size>0xa8</size>
         <input_file_ref idref="fl-15"/>
      </object_component>
      <object_component id="oc-10c">
         <name>.debug_abbrev</name>
         <load_address>0xa5e</load_address>
         <run_address>0xa5e</run_address>
         <size>0x68</size>
         <input_file_ref idref="fl-16"/>
      </object_component>
      <object_component id="oc-111">
         <name>.debug_abbrev</name>
         <load_address>0xac6</load_address>
         <run_address>0xac6</run_address>
         <size>0x66</size>
         <input_file_ref idref="fl-17"/>
      </object_component>
      <object_component id="oc-118">
         <name>.debug_abbrev</name>
         <load_address>0xb2c</load_address>
         <run_address>0xb2c</run_address>
         <size>0x130</size>
         <input_file_ref idref="fl-18"/>
      </object_component>
      <object_component id="oc-11d">
         <name>.debug_abbrev</name>
         <load_address>0xc5c</load_address>
         <run_address>0xc5c</run_address>
         <size>0xb2</size>
         <input_file_ref idref="fl-19"/>
      </object_component>
      <object_component id="oc-122">
         <name>.debug_abbrev</name>
         <load_address>0xd0e</load_address>
         <run_address>0xd0e</run_address>
         <size>0xee</size>
         <input_file_ref idref="fl-1a"/>
      </object_component>
      <object_component id="oc-127">
         <name>.debug_abbrev</name>
         <load_address>0xdfc</load_address>
         <run_address>0xdfc</run_address>
         <size>0xa8</size>
         <input_file_ref idref="fl-1b"/>
      </object_component>
      <object_component id="oc-1b2">
         <name>.debug_abbrev</name>
         <load_address>0xea4</load_address>
         <run_address>0xea4</run_address>
         <size>0xf</size>
      </object_component>
      <object_component id="oc-74">
         <name>.debug_aranges</name>
         <load_address>0x0</load_address>
         <run_address>0x0</run_address>
         <size>0x20</size>
         <input_file_ref idref="fl-2"/>
      </object_component>
      <object_component id="oc-7a">
         <name>.debug_aranges</name>
         <load_address>0x20</load_address>
         <run_address>0x20</run_address>
         <size>0x480</size>
         <input_file_ref idref="fl-3"/>
      </object_component>
      <object_component id="oc-d5">
         <name>.debug_aranges</name>
         <load_address>0x4a0</load_address>
         <run_address>0x4a0</run_address>
         <size>0x28</size>
         <input_file_ref idref="fl-5"/>
      </object_component>
      <object_component id="oc-da">
         <name>.debug_aranges</name>
         <load_address>0x4c8</load_address>
         <run_address>0x4c8</run_address>
         <size>0x18</size>
         <input_file_ref idref="fl-6"/>
      </object_component>
      <object_component id="oc-df">
         <name>.debug_aranges</name>
         <load_address>0x4e0</load_address>
         <run_address>0x4e0</run_address>
         <size>0x28</size>
         <input_file_ref idref="fl-7"/>
      </object_component>
      <object_component id="oc-e4">
         <name>.debug_aranges</name>
         <load_address>0x508</load_address>
         <run_address>0x508</run_address>
         <size>0x20</size>
         <input_file_ref idref="fl-8"/>
      </object_component>
      <object_component id="oc-e9">
         <name>.debug_aranges</name>
         <load_address>0x528</load_address>
         <run_address>0x528</run_address>
         <size>0xb0</size>
         <input_file_ref idref="fl-9"/>
      </object_component>
      <object_component id="oc-ee">
         <name>.debug_aranges</name>
         <load_address>0x5d8</load_address>
         <run_address>0x5d8</run_address>
         <size>0x20</size>
         <input_file_ref idref="fl-a"/>
      </object_component>
      <object_component id="oc-f3">
         <name>.debug_aranges</name>
         <load_address>0x5f8</load_address>
         <run_address>0x5f8</run_address>
         <size>0x20</size>
         <input_file_ref idref="fl-b"/>
      </object_component>
      <object_component id="oc-f9">
         <name>.debug_aranges</name>
         <load_address>0x618</load_address>
         <run_address>0x618</run_address>
         <size>0x20</size>
         <input_file_ref idref="fl-12"/>
      </object_component>
      <object_component id="oc-fe">
         <name>.debug_aranges</name>
         <load_address>0x638</load_address>
         <run_address>0x638</run_address>
         <size>0x30</size>
         <input_file_ref idref="fl-13"/>
      </object_component>
      <object_component id="oc-103">
         <name>.debug_aranges</name>
         <load_address>0x668</load_address>
         <run_address>0x668</run_address>
         <size>0x20</size>
         <input_file_ref idref="fl-14"/>
      </object_component>
      <object_component id="oc-108">
         <name>.debug_aranges</name>
         <load_address>0x688</load_address>
         <run_address>0x688</run_address>
         <size>0x20</size>
         <input_file_ref idref="fl-15"/>
      </object_component>
      <object_component id="oc-10d">
         <name>.debug_aranges</name>
         <load_address>0x6a8</load_address>
         <run_address>0x6a8</run_address>
         <size>0x20</size>
         <input_file_ref idref="fl-16"/>
      </object_component>
      <object_component id="oc-112">
         <name>.debug_aranges</name>
         <load_address>0x6c8</load_address>
         <run_address>0x6c8</run_address>
         <size>0x20</size>
         <input_file_ref idref="fl-17"/>
      </object_component>
      <object_component id="oc-119">
         <name>.debug_aranges</name>
         <load_address>0x6e8</load_address>
         <run_address>0x6e8</run_address>
         <size>0x28</size>
         <input_file_ref idref="fl-18"/>
      </object_component>
      <object_component id="oc-11e">
         <name>.debug_aranges</name>
         <load_address>0x710</load_address>
         <run_address>0x710</run_address>
         <size>0x30</size>
         <input_file_ref idref="fl-19"/>
      </object_component>
      <object_component id="oc-123">
         <name>.debug_aranges</name>
         <load_address>0x740</load_address>
         <run_address>0x740</run_address>
         <size>0x20</size>
         <input_file_ref idref="fl-1a"/>
      </object_component>
      <object_component id="oc-128">
         <name>.debug_aranges</name>
         <load_address>0x760</load_address>
         <run_address>0x760</run_address>
         <size>0x18</size>
         <input_file_ref idref="fl-1b"/>
      </object_component>
      <object_component id="oc-77">
         <name>.debug_frame</name>
         <load_address>0x0</load_address>
         <run_address>0x0</run_address>
         <size>0x11d0</size>
         <input_file_ref idref="fl-3"/>
      </object_component>
      <object_component id="oc-d2">
         <name>.debug_frame</name>
         <load_address>0x11d0</load_address>
         <run_address>0x11d0</run_address>
         <size>0x60</size>
         <input_file_ref idref="fl-5"/>
      </object_component>
      <object_component id="oc-d7">
         <name>.debug_frame</name>
         <load_address>0x1230</load_address>
         <run_address>0x1230</run_address>
         <size>0x28</size>
         <input_file_ref idref="fl-6"/>
      </object_component>
      <object_component id="oc-dc">
         <name>.debug_frame</name>
         <load_address>0x1258</load_address>
         <run_address>0x1258</run_address>
         <size>0x58</size>
         <input_file_ref idref="fl-7"/>
      </object_component>
      <object_component id="oc-e1">
         <name>.debug_frame</name>
         <load_address>0x12b0</load_address>
         <run_address>0x12b0</run_address>
         <size>0x44</size>
         <input_file_ref idref="fl-8"/>
      </object_component>
      <object_component id="oc-e6">
         <name>.debug_frame</name>
         <load_address>0x12f4</load_address>
         <run_address>0x12f4</run_address>
         <size>0x1f8</size>
         <input_file_ref idref="fl-9"/>
      </object_component>
      <object_component id="oc-f0">
         <name>.debug_frame</name>
         <load_address>0x14ec</load_address>
         <run_address>0x14ec</run_address>
         <size>0x40</size>
         <input_file_ref idref="fl-b"/>
      </object_component>
      <object_component id="oc-100">
         <name>.debug_frame</name>
         <load_address>0x152c</load_address>
         <run_address>0x152c</run_address>
         <size>0x60</size>
         <input_file_ref idref="fl-14"/>
      </object_component>
      <object_component id="oc-105">
         <name>.debug_frame</name>
         <load_address>0x158c</load_address>
         <run_address>0x158c</run_address>
         <size>0x40</size>
         <input_file_ref idref="fl-15"/>
      </object_component>
      <object_component id="oc-10a">
         <name>.debug_frame</name>
         <load_address>0x15cc</load_address>
         <run_address>0x15cc</run_address>
         <size>0x40</size>
         <input_file_ref idref="fl-16"/>
      </object_component>
      <object_component id="oc-10f">
         <name>.debug_frame</name>
         <load_address>0x160c</load_address>
         <run_address>0x160c</run_address>
         <size>0x40</size>
         <input_file_ref idref="fl-17"/>
      </object_component>
      <object_component id="oc-116">
         <name>.debug_frame</name>
         <load_address>0x164c</load_address>
         <run_address>0x164c</run_address>
         <size>0x60</size>
         <input_file_ref idref="fl-18"/>
      </object_component>
      <object_component id="oc-11b">
         <name>.debug_frame</name>
         <load_address>0x16ac</load_address>
         <run_address>0x16ac</run_address>
         <size>0x70</size>
         <input_file_ref idref="fl-19"/>
      </object_component>
      <object_component id="oc-120">
         <name>.debug_frame</name>
         <load_address>0x171c</load_address>
         <run_address>0x171c</run_address>
         <size>0x40</size>
         <input_file_ref idref="fl-1a"/>
      </object_component>
      <object_component id="oc-125">
         <name>.debug_frame</name>
         <load_address>0x175c</load_address>
         <run_address>0x175c</run_address>
         <size>0x28</size>
         <input_file_ref idref="fl-1b"/>
      </object_component>
   </object_component_list>
   <logical_group_list>
      <logical_group id="lg-2" display="no" color="cyan">
         <name>codestart</name>
         <load_address>0x0</load_address>
         <run_address>0x0</run_address>
         <size>0x2</size>
         <contents>
            <object_component_ref idref="oc-70"/>
         </contents>
      </logical_group>
      <logical_group id="lg-1af" display="no" color="cyan">
         <name>.text.1</name>
         <load_address>0x8000</load_address>
         <run_address>0x8000</run_address>
         <size>0x167</size>
         <contents>
            <object_component_ref idref="oc-6f"/>
            <object_component_ref idref="oc-12d"/>
            <object_component_ref idref="oc-134"/>
            <object_component_ref idref="oc-12f"/>
            <object_component_ref idref="oc-135"/>
            <object_component_ref idref="oc-12a"/>
            <object_component_ref idref="oc-12e"/>
            <object_component_ref idref="oc-12c"/>
            <object_component_ref idref="oc-fa"/>
         </contents>
      </logical_group>
      <logical_group id="lg-1b0" display="no" color="cyan">
         <name>.text.2</name>
         <load_address>0xb000</load_address>
         <run_address>0xb000</run_address>
         <size>0x800</size>
         <contents>
            <object_component_ref idref="oc-76"/>
            <object_component_ref idref="oc-132"/>
            <object_component_ref idref="oc-133"/>
            <object_component_ref idref="oc-136"/>
            <object_component_ref idref="oc-129"/>
            <object_component_ref idref="oc-12b"/>
         </contents>
      </logical_group>
      <split_section id="lg-3" display="no" color="cyan">
         <name>.text</name>
         <contents>
            <logical_group_ref idref="lg-1af"/>
            <logical_group_ref idref="lg-1b0"/>
         </contents>
      </split_section>
      <logical_group id="lg-4" display="no" color="cyan">
         <name>.cinit</name>
         <load_address>0x80</load_address>
         <run_address>0x80</run_address>
         <size>0x1a</size>
         <contents>
            <object_component_ref idref="oc-114"/>
            <object_component_ref idref="oc-131"/>
            <object_component_ref idref="oc-137"/>
         </contents>
      </logical_group>
      <logical_group id="lg-5" display="no" color="cyan">
         <name>.pinit</name>
         <run_address>0x0</run_address>
         <size>0x0</size>
         <contents>
         </contents>
      </logical_group>
      <logical_group id="lg-6" display="no" color="cyan">
         <name>.switch</name>
         <run_address>0x0</run_address>
         <size>0x0</size>
         <contents>
         </contents>
      </logical_group>
      <logical_group id="lg-7" display="no" color="cyan">
         <name>.reset</name>
         <load_address>0x3fffc0</load_address>
         <run_address>0x3fffc0</run_address>
         <size>0x2</size>
         <contents>
            <object_component_ref idref="oc-f5"/>
         </contents>
      </logical_group>
      <logical_group id="lg-8" display="no" color="cyan">
         <name>.stack</name>
         <run_address>0x400</run_address>
         <size>0x400</size>
         <contents>
            <object_component_ref idref="oc-f4"/>
            <object_component_ref idref="oc-1ae"/>
         </contents>
      </logical_group>
      <logical_group id="lg-9" display="no" color="cyan">
         <name>.ebss</name>
         <run_address>0xa9c0</run_address>
         <size>0xa</size>
         <contents>
            <object_component_ref idref="oc-115"/>
            <object_component_ref idref="oc-130"/>
            <object_component_ref idref="oc-139"/>
         </contents>
      </logical_group>
      <logical_group id="lg-a" display="no" color="cyan">
         <name>.econst</name>
         <load_address>0xa800</load_address>
         <run_address>0xa800</run_address>
         <size>0x1c0</size>
         <contents>
            <object_component_ref idref="oc-138"/>
         </contents>
      </logical_group>
      <logical_group id="lg-b" display="no" color="cyan">
         <name>.esysmem</name>
         <run_address>0x0</run_address>
         <size>0x0</size>
         <contents>
         </contents>
      </logical_group>
      <logical_group id="lg-c" display="no" color="cyan">
         <name>.TI.ramfunc</name>
         <load_address>0x9a</load_address>
         <run_address>0x9a</run_address>
         <size>0x4</size>
         <contents>
            <object_component_ref idref="oc-ea"/>
         </contents>
      </logical_group>
      <logical_group id="lg-e" display="no" color="cyan">
         <name>PUTBUFFER</name>
         <run_address>0x0</run_address>
         <size>0x0</size>
         <contents>
         </contents>
      </logical_group>
      <logical_group id="lg-f" display="no" color="cyan">
         <name>PUTWRITEIDX</name>
         <run_address>0x0</run_address>
         <size>0x0</size>
         <contents>
         </contents>
      </logical_group>
      <logical_group id="lg-10" display="no" color="cyan">
         <name>GETREADIDX</name>
         <run_address>0x0</run_address>
         <size>0x0</size>
         <contents>
         </contents>
      </logical_group>
      <logical_group id="lg-d" display="no" color="cyan">
         <name>GROUP_1</name>
         <run_address>0x0</run_address>
         <size>0x0</size>
         <contents>
            <logical_group_ref idref="lg-e"/>
            <logical_group_ref idref="lg-f"/>
            <logical_group_ref idref="lg-10"/>
         </contents>
      </logical_group>
      <logical_group id="lg-12" display="no" color="cyan">
         <name>GETBUFFER</name>
         <run_address>0x3fc00</run_address>
         <size>0x0</size>
         <contents>
         </contents>
      </logical_group>
      <logical_group id="lg-13" display="no" color="cyan">
         <name>GETWRITEIDX</name>
         <run_address>0x3fc00</run_address>
         <size>0x0</size>
         <contents>
         </contents>
      </logical_group>
      <logical_group id="lg-14" display="no" color="cyan">
         <name>PUTREADIDX</name>
         <run_address>0x3fc00</run_address>
         <size>0x0</size>
         <contents>
         </contents>
      </logical_group>
      <logical_group id="lg-11" display="no" color="cyan">
         <name>GROUP_2</name>
         <run_address>0x3fc00</run_address>
         <size>0x0</size>
         <contents>
            <logical_group_ref idref="lg-12"/>
            <logical_group_ref idref="lg-13"/>
            <logical_group_ref idref="lg-14"/>
         </contents>
      </logical_group>
      <logical_group id="lg-16" display="no" color="cyan">
         <name>PieVectTableFile</name>
         <run_address>0xd00</run_address>
         <size>0x1c0</size>
         <contents>
            <object_component_ref idref="oc-cf"/>
         </contents>
      </logical_group>
      <logical_group id="lg-18" display="no" color="cyan">
         <name>EmuBModeVar</name>
         <run_address>0xd00</run_address>
         <size>0x1</size>
         <contents>
            <object_component_ref idref="oc-7c"/>
         </contents>
      </logical_group>
      <logical_group id="lg-17" display="no" color="cyan">
         <name>GROUP_4</name>
         <run_address>0xd00</run_address>
         <size>0x1</size>
         <contents>
            <logical_group_ref idref="lg-18"/>
         </contents>
      </logical_group>
      <overlay id="lg-15" display="no" color="cyan">
         <name>UNION_3</name>
         <run_address>0xd00</run_address>
         <size>0x1c0</size>
         <contents>
            <logical_group_ref idref="lg-16"/>
            <logical_group_ref idref="lg-17"/>
         </contents>
      </overlay>
      <logical_group id="lg-19" display="no" color="cyan">
         <name>AdcaResultFile</name>
         <run_address>0xb00</run_address>
         <size>0x18</size>
         <contents>
            <object_component_ref idref="oc-8f"/>
         </contents>
      </logical_group>
      <logical_group id="lg-1a" display="no" color="cyan">
         <name>AdcbResultFile</name>
         <run_address>0xb20</run_address>
         <size>0x18</size>
         <contents>
            <object_component_ref idref="oc-90"/>
         </contents>
      </logical_group>
      <logical_group id="lg-1b" display="no" color="cyan">
         <name>AdccResultFile</name>
         <run_address>0xb40</run_address>
         <size>0x18</size>
         <contents>
            <object_component_ref idref="oc-91"/>
         </contents>
      </logical_group>
      <logical_group id="lg-1c" display="no" color="cyan">
         <name>AdcdResultFile</name>
         <run_address>0xb60</run_address>
         <size>0x18</size>
         <contents>
            <object_component_ref idref="oc-92"/>
         </contents>
      </logical_group>
      <logical_group id="lg-1d" display="no" color="cyan">
         <name>AdcaRegsFile</name>
         <run_address>0x7400</run_address>
         <size>0x80</size>
         <contents>
            <object_component_ref idref="oc-b7"/>
         </contents>
      </logical_group>
      <logical_group id="lg-1e" display="no" color="cyan">
         <name>AdcbRegsFile</name>
         <run_address>0x7480</run_address>
         <size>0x80</size>
         <contents>
            <object_component_ref idref="oc-b8"/>
         </contents>
      </logical_group>
      <logical_group id="lg-1f" display="no" color="cyan">
         <name>AdccRegsFile</name>
         <run_address>0x7500</run_address>
         <size>0x80</size>
         <contents>
            <object_component_ref idref="oc-b9"/>
         </contents>
      </logical_group>
      <logical_group id="lg-20" display="no" color="cyan">
         <name>AdcdRegsFile</name>
         <run_address>0x7580</run_address>
         <size>0x80</size>
         <contents>
            <object_component_ref idref="oc-ba"/>
         </contents>
      </logical_group>
      <logical_group id="lg-21" display="no" color="cyan">
         <name>CanaRegsFile</name>
         <run_address>0x48000</run_address>
         <size>0x164</size>
         <contents>
            <object_component_ref idref="oc-cc"/>
         </contents>
      </logical_group>
      <logical_group id="lg-22" display="no" color="cyan">
         <name>CanbRegsFile</name>
         <run_address>0x4a000</run_address>
         <size>0x164</size>
         <contents>
            <object_component_ref idref="oc-cd"/>
         </contents>
      </logical_group>
      <logical_group id="lg-23" display="no" color="cyan">
         <name>Cla1RegsFile</name>
         <run_address>0x1400</run_address>
         <size>0x3e</size>
         <contents>
            <object_component_ref idref="oc-b2"/>
         </contents>
      </logical_group>
      <logical_group id="lg-24" display="no" color="cyan">
         <name>Cla1SoftIntRegsFile</name>
         <run_address>0xce0</run_address>
         <size>0x4</size>
         <contents>
            <object_component_ref idref="oc-7e"/>
         </contents>
      </logical_group>
      <logical_group id="lg-25" display="no" color="cyan">
         <name>Cmpss1RegsFile</name>
         <run_address>0x5c80</run_address>
         <size>0x20</size>
         <contents>
            <object_component_ref idref="oc-95"/>
         </contents>
      </logical_group>
      <logical_group id="lg-26" display="no" color="cyan">
         <name>Cmpss2RegsFile</name>
         <run_address>0x5ca0</run_address>
         <size>0x20</size>
         <contents>
            <object_component_ref idref="oc-96"/>
         </contents>
      </logical_group>
      <logical_group id="lg-27" display="no" color="cyan">
         <name>Cmpss3RegsFile</name>
         <run_address>0x5cc0</run_address>
         <size>0x20</size>
         <contents>
            <object_component_ref idref="oc-97"/>
         </contents>
      </logical_group>
      <logical_group id="lg-28" display="no" color="cyan">
         <name>Cmpss4RegsFile</name>
         <run_address>0x5ce0</run_address>
         <size>0x20</size>
         <contents>
            <object_component_ref idref="oc-98"/>
         </contents>
      </logical_group>
      <logical_group id="lg-29" display="no" color="cyan">
         <name>Cmpss5RegsFile</name>
         <run_address>0x5d00</run_address>
         <size>0x20</size>
         <contents>
            <object_component_ref idref="oc-99"/>
         </contents>
      </logical_group>
      <logical_group id="lg-2a" display="no" color="cyan">
         <name>Cmpss6RegsFile</name>
         <run_address>0x5d20</run_address>
         <size>0x20</size>
         <contents>
            <object_component_ref idref="oc-9a"/>
         </contents>
      </logical_group>
      <logical_group id="lg-2b" display="no" color="cyan">
         <name>Cmpss7RegsFile</name>
         <run_address>0x5d40</run_address>
         <size>0x20</size>
         <contents>
            <object_component_ref idref="oc-9b"/>
         </contents>
      </logical_group>
      <logical_group id="lg-2c" display="no" color="cyan">
         <name>Cmpss8RegsFile</name>
         <run_address>0x5d60</run_address>
         <size>0x20</size>
         <contents>
            <object_component_ref idref="oc-9c"/>
         </contents>
      </logical_group>
      <logical_group id="lg-2d" display="no" color="cyan">
         <name>CpuTimer0RegsFile</name>
         <run_address>0xc00</run_address>
         <size>0x8</size>
         <contents>
            <object_component_ref idref="oc-83"/>
         </contents>
      </logical_group>
      <logical_group id="lg-2e" display="no" color="cyan">
         <name>CpuTimer1RegsFile</name>
         <run_address>0xc08</run_address>
         <size>0x8</size>
         <contents>
            <object_component_ref idref="oc-84"/>
         </contents>
      </logical_group>
      <logical_group id="lg-2f" display="no" color="cyan">
         <name>CpuTimer2RegsFile</name>
         <run_address>0xc10</run_address>
         <size>0x8</size>
         <contents>
            <object_component_ref idref="oc-85"/>
         </contents>
      </logical_group>
      <logical_group id="lg-30" display="no" color="cyan">
         <name>DacaRegsFile</name>
         <run_address>0x5c00</run_address>
         <size>0x8</size>
         <contents>
            <object_component_ref idref="oc-80"/>
         </contents>
      </logical_group>
      <logical_group id="lg-31" display="no" color="cyan">
         <name>DacbRegsFile</name>
         <run_address>0x5c10</run_address>
         <size>0x8</size>
         <contents>
            <object_component_ref idref="oc-81"/>
         </contents>
      </logical_group>
      <logical_group id="lg-32" display="no" color="cyan">
         <name>DaccRegsFile</name>
         <run_address>0x5c20</run_address>
         <size>0x8</size>
         <contents>
            <object_component_ref idref="oc-82"/>
         </contents>
      </logical_group>
      <logical_group id="lg-33" display="no" color="cyan">
         <name>DcsmZ1RegsFile</name>
         <run_address>0x5f000</run_address>
         <size>0x24</size>
         <contents>
            <object_component_ref idref="oc-a9"/>
         </contents>
      </logical_group>
      <logical_group id="lg-34" display="no" color="cyan">
         <name>DcsmZ2RegsFile</name>
         <run_address>0x5f040</run_address>
         <size>0x24</size>
         <contents>
            <object_component_ref idref="oc-aa"/>
         </contents>
      </logical_group>
      <logical_group id="lg-35" display="no" color="cyan">
         <name>DcsmCommonRegsFile</name>
         <run_address>0x5f070</run_address>
         <size>0x8</size>
         <contents>
            <object_component_ref idref="oc-86"/>
         </contents>
      </logical_group>
      <logical_group id="lg-36" display="no" color="cyan">
         <name>DmaRegsFile</name>
         <run_address>0x1000</run_address>
         <size>0xe0</size>
         <contents>
            <object_component_ref idref="oc-bf"/>
         </contents>
      </logical_group>
      <logical_group id="lg-37" display="no" color="cyan">
         <name>DmaClaSrcSelRegsFile</name>
         <run_address>0x7980</run_address>
         <size>0x1a</size>
         <contents>
            <object_component_ref idref="oc-93"/>
         </contents>
      </logical_group>
      <logical_group id="lg-38" display="no" color="cyan">
         <name>ECap1RegsFile</name>
         <run_address>0x5000</run_address>
         <size>0x20</size>
         <contents>
            <object_component_ref idref="oc-9d"/>
         </contents>
      </logical_group>
      <logical_group id="lg-39" display="no" color="cyan">
         <name>ECap2RegsFile</name>
         <run_address>0x5020</run_address>
         <size>0x20</size>
         <contents>
            <object_component_ref idref="oc-9e"/>
         </contents>
      </logical_group>
      <logical_group id="lg-3a" display="no" color="cyan">
         <name>ECap3RegsFile</name>
         <run_address>0x5040</run_address>
         <size>0x20</size>
         <contents>
            <object_component_ref idref="oc-9f"/>
         </contents>
      </logical_group>
      <logical_group id="lg-3b" display="no" color="cyan">
         <name>ECap4RegsFile</name>
         <run_address>0x5060</run_address>
         <size>0x20</size>
         <contents>
            <object_component_ref idref="oc-a0"/>
         </contents>
      </logical_group>
      <logical_group id="lg-3c" display="no" color="cyan">
         <name>ECap5RegsFile</name>
         <run_address>0x5080</run_address>
         <size>0x20</size>
         <contents>
            <object_component_ref idref="oc-a1"/>
         </contents>
      </logical_group>
      <logical_group id="lg-3d" display="no" color="cyan">
         <name>ECap6RegsFile</name>
         <run_address>0x50a0</run_address>
         <size>0x20</size>
         <contents>
            <object_component_ref idref="oc-a2"/>
         </contents>
      </logical_group>
      <logical_group id="lg-3e" display="no" color="cyan">
         <name>Emif1RegsFile</name>
         <run_address>0x47000</run_address>
         <size>0x70</size>
         <contents>
            <object_component_ref idref="oc-b5"/>
         </contents>
      </logical_group>
      <logical_group id="lg-3f" display="no" color="cyan">
         <name>Emif2RegsFile</name>
         <run_address>0x47800</run_address>
         <size>0x70</size>
         <contents>
            <object_component_ref idref="oc-b6"/>
         </contents>
      </logical_group>
      <logical_group id="lg-40" display="no" color="cyan">
         <name>EPwm1RegsFile</name>
         <run_address>0x4000</run_address>
         <size>0x100</size>
         <contents>
            <object_component_ref idref="oc-c0"/>
         </contents>
      </logical_group>
      <logical_group id="lg-41" display="no" color="cyan">
         <name>EPwm2RegsFile</name>
         <run_address>0x4100</run_address>
         <size>0x100</size>
         <contents>
            <object_component_ref idref="oc-c1"/>
         </contents>
      </logical_group>
      <logical_group id="lg-42" display="no" color="cyan">
         <name>EPwm3RegsFile</name>
         <run_address>0x4200</run_address>
         <size>0x100</size>
         <contents>
            <object_component_ref idref="oc-c2"/>
         </contents>
      </logical_group>
      <logical_group id="lg-43" display="no" color="cyan">
         <name>EPwm4RegsFile</name>
         <run_address>0x4300</run_address>
         <size>0x100</size>
         <contents>
            <object_component_ref idref="oc-c3"/>
         </contents>
      </logical_group>
      <logical_group id="lg-44" display="no" color="cyan">
         <name>EPwm5RegsFile</name>
         <run_address>0x4400</run_address>
         <size>0x100</size>
         <contents>
            <object_component_ref idref="oc-c4"/>
         </contents>
      </logical_group>
      <logical_group id="lg-45" display="no" color="cyan">
         <name>EPwm6RegsFile</name>
         <run_address>0x4500</run_address>
         <size>0x100</size>
         <contents>
            <object_component_ref idref="oc-c5"/>
         </contents>
      </logical_group>
      <logical_group id="lg-46" display="no" color="cyan">
         <name>EPwm7RegsFile</name>
         <run_address>0x4600</run_address>
         <size>0x100</size>
         <contents>
            <object_component_ref idref="oc-c6"/>
         </contents>
      </logical_group>
      <logical_group id="lg-47" display="no" color="cyan">
         <name>EPwm8RegsFile</name>
         <run_address>0x4700</run_address>
         <size>0x100</size>
         <contents>
            <object_component_ref idref="oc-c7"/>
         </contents>
      </logical_group>
      <logical_group id="lg-48" display="no" color="cyan">
         <name>EPwm9RegsFile</name>
         <run_address>0x4800</run_address>
         <size>0x100</size>
         <contents>
            <object_component_ref idref="oc-c8"/>
         </contents>
      </logical_group>
      <logical_group id="lg-49" display="no" color="cyan">
         <name>EPwm10RegsFile</name>
         <run_address>0x4900</run_address>
         <size>0x100</size>
         <contents>
            <object_component_ref idref="oc-c9"/>
         </contents>
      </logical_group>
      <logical_group id="lg-4a" display="no" color="cyan">
         <name>EPwm11RegsFile</name>
         <run_address>0x4a00</run_address>
         <size>0x100</size>
         <contents>
            <object_component_ref idref="oc-ca"/>
         </contents>
      </logical_group>
      <logical_group id="lg-4b" display="no" color="cyan">
         <name>EPwm12RegsFile</name>
         <run_address>0x4b00</run_address>
         <size>0x100</size>
         <contents>
            <object_component_ref idref="oc-cb"/>
         </contents>
      </logical_group>
      <logical_group id="lg-4c" display="no" color="cyan">
         <name>EQep1RegsFile</name>
         <run_address>0x5100</run_address>
         <size>0x22</size>
         <contents>
            <object_component_ref idref="oc-a4"/>
         </contents>
      </logical_group>
      <logical_group id="lg-4d" display="no" color="cyan">
         <name>EQep2RegsFile</name>
         <run_address>0x5140</run_address>
         <size>0x22</size>
         <contents>
            <object_component_ref idref="oc-a5"/>
         </contents>
      </logical_group>
      <logical_group id="lg-4e" display="no" color="cyan">
         <name>EQep3RegsFile</name>
         <run_address>0x5180</run_address>
         <size>0x22</size>
         <contents>
            <object_component_ref idref="oc-a6"/>
         </contents>
      </logical_group>
      <logical_group id="lg-4f" display="no" color="cyan">
         <name>Flash0CtrlRegsFile</name>
         <run_address>0x5f800</run_address>
         <size>0x182</size>
         <contents>
[...]
         <name>_ClkCfgRegs</name>
         <value>0x5d200</value>
         <object_component_ref idref="oc-b1"/>
      </symbol>
      <symbol id="sm-2cf">
         <name>_AdcdRegs</name>
         <value>0x7580</value>
         <object_component_ref idref="oc-ba"/>
      </symbol>
      <symbol id="sm-2d0">
         <name>_ScidRegs</name>
         <value>0x7230</value>
         <object_component_ref idref="oc-8b"/>
      </symbol>
      <symbol id="sm-2d1">
         <name>_EmuBMode</name>
         <value>0xd00</value>
         <object_component_ref idref="oc-7c"/>
      </symbol>
      <symbol id="sm-2d2">
         <name>_ECap4Regs</name>
         <value>0x5060</value>
         <object_component_ref idref="oc-a0"/>
      </symbol>
      <symbol id="sm-2d3">
         <name>_Flash0EccRegs</name>
         <value>0x5fb00</value>
         <object_component_ref idref="oc-ae"/>
      </symbol>
      <symbol id="sm-2d4">
         <name>_IpcRegs</name>
         <value>0x50000</value>
         <object_component_ref idref="oc-ab"/>
      </symbol>
      <symbol id="sm-2d5">
         <name>_Cmpss7Regs</name>
         <value>0x5d40</value>
         <object_component_ref idref="oc-9b"/>
      </symbol>
      <symbol id="sm-2d6">
         <name>_DcsmZ2Regs</name>
         <value>0x5f040</value>
         <object_component_ref idref="oc-aa"/>
      </symbol>
      <symbol id="sm-2d7">
         <name>_EPwm4Regs</name>
         <value>0x4300</value>
         <object_component_ref idref="oc-c3"/>
      </symbol>
      <symbol id="sm-2d8">
         <name>_FlashPumpSemaphoreRegs</name>
         <value>0x50024</value>
         <object_component_ref idref="oc-7d"/>
      </symbol>
      <symbol id="sm-2d9">
         <name>_ECap5Regs</name>
         <value>0x5080</value>
         <object_component_ref idref="oc-a1"/>
      </symbol>
      <symbol id="sm-2da">
         <name>_I2cbRegs</name>
         <value>0x7340</value>
         <object_component_ref idref="oc-a8"/>
      </symbol>
      <symbol id="sm-2db">
         <name>_CpuTimer1Regs</name>
         <value>0xc08</value>
         <object_component_ref idref="oc-84"/>
      </symbol>
      <symbol id="sm-2dc">
         <name>_Cmpss4Regs</name>
         <value>0x5ce0</value>
         <object_component_ref idref="oc-98"/>
      </symbol>
      <symbol id="sm-2dd">
         <name>_EPwm5Regs</name>
         <value>0x4400</value>
         <object_component_ref idref="oc-c4"/>
      </symbol>
      <symbol id="sm-2de">
         <name>_SpiaRegs</name>
         <value>0x6100</value>
         <object_component_ref idref="oc-8c"/>
      </symbol>
      <symbol id="sm-2df">
         <name>_CpuSysRegs</name>
         <value>0x5d300</value>
         <object_component_ref idref="oc-be"/>
      </symbol>
      <symbol id="sm-2e0">
         <name>_Cla1SoftIntRegs</name>
         <value>0xce0</value>
         <object_component_ref idref="oc-7e"/>
      </symbol>
      <symbol id="sm-2e1">
         <name>_CanbRegs</name>
         <value>0x4a000</value>
         <object_component_ref idref="oc-cd"/>
      </symbol>
      <symbol id="sm-2e2">
         <name>_ECap6Regs</name>
         <value>0x50a0</value>
         <object_component_ref idref="oc-a2"/>
      </symbol>
      <symbol id="sm-2e3">
         <name>_DmaRegs</name>
         <value>0x1000</value>
         <object_component_ref idref="oc-bf"/>
      </symbol>
      <symbol id="sm-2e4">
         <name>_XintRegs</name>
         <value>0x7070</value>
         <object_component_ref idref="oc-87"/>
      </symbol>
      <symbol id="sm-2e5">
         <name>_CpuTimer0Regs</name>
         <value>0xc00</value>
         <object_component_ref idref="oc-83"/>
      </symbol>
      <symbol id="sm-2e6">
         <name>_Cmpss5Regs</name>
         <value>0x5d00</value>
         <object_component_ref idref="oc-99"/>
      </symbol>
      <symbol id="sm-2e7">
         <name>_Emif1Regs</name>
         <value>0x47000</value>
         <object_component_ref idref="oc-b5"/>
      </symbol>
      <symbol id="sm-2e8">
         <name>_AccessProtectionRegs</name>
         <value>0x5f4c0</value>
         <object_component_ref idref="oc-b3"/>
      </symbol>
      <symbol id="sm-2e9">
         <name>_MemCfgRegs</name>
         <value>0x5f400</value>
         <object_component_ref idref="oc-bb"/>
      </symbol>
      <symbol id="sm-2ea">
         <name>_DacaRegs</name>
         <value>0x5c00</value>
         <object_component_ref idref="oc-80"/>
      </symbol>
      <symbol id="sm-2eb">
         <name>_McbspbRegs</name>
         <value>0x6040</value>
         <object_component_ref idref="oc-ad"/>
      </symbol>
      <symbol id="sm-2ec">
         <name>_EPwm6Regs</name>
         <value>0x4500</value>
         <object_component_ref idref="oc-c5"/>
      </symbol>
      <symbol id="sm-2ed">
         <name>_AdcaRegs</name>
         <value>0x7400</value>
         <object_component_ref idref="oc-b7"/>
      </symbol>
      <symbol id="sm-2ee">
         <name>_SciaRegs</name>
         <value>0x7200</value>
         <object_component_ref idref="oc-88"/>
      </symbol>
      <symbol id="sm-2ef">
         <name>_EPwm11Regs</name>
         <value>0x4a00</value>
         <object_component_ref idref="oc-ca"/>
      </symbol>
      <symbol id="sm-2f0">
         <name>_GpioDataRegs</name>
         <value>0x7f00</value>
         <object_component_ref idref="oc-b0"/>
      </symbol>
      <symbol id="sm-2f1">
         <name>_Sdfm1Regs</name>
         <value>0x5e00</value>
         <object_component_ref idref="oc-bc"/>
      </symbol>
      <symbol id="sm-2f2">
         <name>_Cmpss2Regs</name>
         <value>0x5ca0</value>
         <object_component_ref idref="oc-96"/>
      </symbol>
      <symbol id="sm-2f3">
         <name>_Emif2Regs</name>
         <value>0x47800</value>
         <object_component_ref idref="oc-b6"/>
      </symbol>
      <symbol id="sm-2f4">
         <name>_DcsmZ1Regs</name>
         <value>0x5f000</value>
         <object_component_ref idref="oc-a9"/>
      </symbol>
      <symbol id="sm-2f5">
         <name>_Flash0CtrlRegs</name>
         <value>0x5f800</value>
         <object_component_ref idref="oc-ce"/>
      </symbol>
      <symbol id="sm-2f6">
         <name>_EPwm7Regs</name>
         <value>0x4600</value>
         <object_component_ref idref="oc-c6"/>
      </symbol>
      <symbol id="sm-2f7">
         <name>_SpicRegs</name>
         <value>0x6120</value>
         <object_component_ref idref="oc-8e"/>
      </symbol>
      <symbol id="sm-2f8">
         <name>_EPwm10Regs</name>
         <value>0x4900</value>
         <object_component_ref idref="oc-c9"/>
      </symbol>
      <symbol id="sm-2f9">
         <name>_CpuTimer2Regs</name>
         <value>0xc10</value>
         <object_component_ref idref="oc-85"/>
      </symbol>
      <symbol id="sm-2fa">
         <name>_DmaClaSrcSelRegs</name>
         <value>0x7980</value>
         <object_component_ref idref="oc-93"/>
      </symbol>
      <symbol id="sm-2fb">
         <name>_Cmpss3Regs</name>
         <value>0x5cc0</value>
         <object_component_ref idref="oc-97"/>
      </symbol>
      <symbol id="sm-2fc">
         <name>_DaccRegs</name>
         <value>0x5c20</value>
         <object_component_ref idref="oc-82"/>
      </symbol>
      <symbol id="sm-2fd">
         <name>_PieCtrlRegs</name>
         <value>0xce0</value>
         <object_component_ref idref="oc-94"/>
      </symbol>
      <symbol id="sm-2fe">
         <name>_SpibRegs</name>
         <value>0x6110</value>
         <object_component_ref idref="oc-8d"/>
      </symbol>
      <symbol id="sm-2ff">
         <name>_AdccRegs</name>
         <value>0x7500</value>
         <object_component_ref idref="oc-b9"/>
      </symbol>
      <symbol id="sm-300">
         <name>_ScicRegs</name>
         <value>0x7220</value>
         <object_component_ref idref="oc-8a"/>
      </symbol>
      <symbol id="sm-301">
         <name>_ECap1Regs</name>
         <value>0x5000</value>
         <object_component_ref idref="oc-9d"/>
      </symbol>
      <symbol id="sm-302">
         <name>_MemoryErrorRegs</name>
         <value>0x5f500</value>
         <object_component_ref idref="oc-b4"/>
      </symbol>
      <symbol id="sm-303">
         <name>_Cla1Regs</name>
         <value>0x1400</value>
         <object_component_ref idref="oc-b2"/>
      </symbol>
      <symbol id="sm-304">
         <name>_EQep1Regs</name>
         <value>0x5100</value>
         <object_component_ref idref="oc-a4"/>
      </symbol>
      <symbol id="sm-305">
         <name>_DacbRegs</name>
         <value>0x5c10</value>
         <object_component_ref idref="oc-81"/>
      </symbol>
      <symbol id="sm-306">
         <name>_McbspaRegs</name>
         <value>0x6000</value>
         <object_component_ref idref="oc-ac"/>
      </symbol>
      <symbol id="sm-307">
         <name>_EPwm1Regs</name>
         <value>0x4000</value>
         <object_component_ref idref="oc-c0"/>
      </symbol>
      <symbol id="sm-308">
         <name>_AdcbRegs</name>
         <value>0x7480</value>
         <object_component_ref idref="oc-b8"/>
      </symbol>
      <symbol id="sm-309">
         <name>_ScibRegs</name>
         <value>0x7210</value>
         <object_component_ref idref="oc-89"/>
      </symbol>
      <symbol id="sm-30a">
         <name>_AdcaResultRegs</name>
         <value>0xb00</value>
         <object_component_ref idref="oc-8f"/>
      </symbol>
      <symbol id="sm-30b">
         <name>_ECap2Regs</name>
         <value>0x5020</value>
         <object_component_ref idref="oc-9e"/>
      </symbol>
      <symbol id="sm-30c">
         <name>_EPwm12Regs</name>
         <value>0x4b00</value>
         <object_component_ref idref="oc-cb"/>
      </symbol>
      <symbol id="sm-30d">
         <name>_AdcbResultRegs</name>
         <value>0xb20</value>
         <object_component_ref idref="oc-90"/>
      </symbol>
      <symbol id="sm-30e">
         <name>_AdccResultRegs</name>
         <value>0xb40</value>
         <object_component_ref idref="oc-91"/>
      </symbol>
      <symbol id="sm-30f">
         <name>_Emif1ConfigRegs</name>
         <value>0x5f480</value>
         <object_component_ref idref="oc-a3"/>
      </symbol>
      <symbol id="sm-310">
         <name>_Sdfm2Regs</name>
         <value>0x5e80</value>
         <object_component_ref idref="oc-bd"/>
      </symbol>
      <symbol id="sm-311">
         <name>_AdcdResultRegs</name>
         <value>0xb60</value>
         <object_component_ref idref="oc-92"/>
      </symbol>
      <symbol id="sm-312">
         <name>_EQep2Regs</name>
         <value>0x5140</value>
         <object_component_ref idref="oc-a5"/>
      </symbol>
      <symbol id="sm-313">
         <name>_Cmpss1Regs</name>
         <value>0x5c80</value>
         <object_component_ref idref="oc-95"/>
      </symbol>
      <symbol id="sm-314">
         <name>_EPwm8Regs</name>
         <value>0x4700</value>
         <object_component_ref idref="oc-c7"/>
      </symbol>
      <symbol id="sm-315">
         <name>_DcsmCommonRegs</name>
         <value>0x5f070</value>
         <object_component_ref idref="oc-86"/>
      </symbol>
      <symbol id="sm-316">
         <name>_EPwm2Regs</name>
         <value>0x4100</value>
         <object_component_ref idref="oc-c1"/>
      </symbol>
      <symbol id="sm-317">
         <name>_ECap3Regs</name>
         <value>0x5040</value>
         <object_component_ref idref="oc-9f"/>
      </symbol>
      <symbol id="sm-318">
         <name>_Cmpss8Regs</name>
         <value>0x5d60</value>
         <object_component_ref idref="oc-9c"/>
      </symbol>
      <symbol id="sm-319">
         <name>_EQep3Regs</name>
         <value>0x5180</value>
         <object_component_ref idref="oc-a6"/>
      </symbol>
      <symbol id="sm-31a">
         <name>_EPwm9Regs</name>
         <value>0x4800</value>
         <object_component_ref idref="oc-c8"/>
      </symbol>
      <symbol id="sm-31b">
         <name>_NmiIntruptRegs</name>
         <value>0x7060</value>
         <object_component_ref idref="oc-7f"/>
      </symbol>
      <symbol id="sm-31c">
         <name>_EPwm3Regs</name>
         <value>0x4200</value>
         <object_component_ref idref="oc-c2"/>
      </symbol>
      <symbol id="sm-31d">
         <name>_I2caRegs</name>
         <value>0x7300</value>
         <object_component_ref idref="oc-a7"/>
      </symbol>
      <symbol id="sm-32b">
         <name>_GPIO_WritePin</name>
         <value>0xb7d6</value>
         <object_component_ref idref="oc-133"/>
      </symbol>
      <symbol id="sm-32c">
         <name>_GPIO_ReadPin</name>
         <value>0xb7bf</value>
         <object_component_ref idref="oc-133"/>
      </symbol>
      <symbol id="sm-341">
         <name>_InitPieCtrl</name>
         <value>0x807f</value>
         <object_component_ref idref="oc-134"/>
      </symbol>
      <symbol id="sm-342">
         <name>_EnableInterrupts</name>
         <value>0x809e</value>
         <object_component_ref idref="oc-134"/>
      </symbol>
      <symbol id="sm-352">
         <name>_PieVectTableInit</name>
         <value>0xa800</value>
         <object_component_ref idref="oc-138"/>
      </symbol>
      <symbol id="sm-353">
         <name>_InitPieVectTable</name>
         <value>0x80cf</value>
         <object_component_ref idref="oc-135"/>
      </symbol>
      <symbol id="sm-373">
         <name>_SeizeFlashPump</name>
         <value>0xb61c</value>
         <object_component_ref idref="oc-132"/>
      </symbol>
      <symbol id="sm-374">
         <name>_DisablePeripheralClocks</name>
         <value>0xb604</value>
         <object_component_ref idref="oc-132"/>
      </symbol>
      <symbol id="sm-375">
         <name>_DisableDog</name>
         <value>0xb643</value>
         <object_component_ref idref="oc-132"/>
      </symbol>
      <symbol id="sm-376">
         <name>_SysIntOsc2Sel</name>
         <value>0xb76d</value>
         <object_component_ref idref="oc-132"/>
      </symbol>
      <symbol id="sm-377">
         <name>_ReleaseFlashPump</name>
         <value>0xb62b</value>
         <object_component_ref idref="oc-132"/>
      </symbol>
      <symbol id="sm-378">
         <name>_HALT</name>
         <value>0xb7b9</value>
         <object_component_ref idref="oc-132"/>
      </symbol>
      <symbol id="sm-379">
         <name>_IDLE</name>
         <value>0xb7a5</value>
         <object_component_ref idref="oc-132"/>
      </symbol>
      <symbol id="sm-37a">
         <name>_InitPeripheralClocks</name>
         <value>0xb58a</value>
         <object_component_ref idref="oc-132"/>
      </symbol>
      <symbol id="sm-37b">
         <name>_SysXtalOscSel</name>
         <value>0xb779</value>
         <object_component_ref idref="oc-132"/>
      </symbol>
      <symbol id="sm-37c">
         <name>_CsmUnlock</name>
         <value>0xb740</value>
         <object_component_ref idref="oc-132"/>
      </symbol>
      <symbol id="sm-37d">
         <name>_SysIntOsc1Sel</name>
         <value>0xb761</value>
         <object_component_ref idref="oc-132"/>
      </symbol>
      <symbol id="sm-37e">
         <name>_ServiceDog</name>
         <value>0xb635</value>
         <object_component_ref idref="oc-132"/>
      </symbol>
      <symbol id="sm-37f">
         <name>_HIB</name>
         <value>0xb7bc</value>
         <object_component_ref idref="oc-132"/>
      </symbol>
      <symbol id="sm-380">
         <name>_AuxAuxClkSel</name>
         <value>0xb79b</value>
         <object_component_ref idref="oc-132"/>
      </symbol>
      <symbol id="sm-381">
         <name>_AuxIntOsc2Sel</name>
         <value>0xb785</value>
         <object_component_ref idref="oc-132"/>
      </symbol>
      <symbol id="sm-382">
         <name>_InitAuxPll</name>
         <value>0xb651</value>
         <object_component_ref idref="oc-132"/>
      </symbol>
      <symbol id="sm-383">
         <name>_InitSysCtrl</name>
         <value>0xb585</value>
         <object_component_ref idref="oc-132"/>
      </symbol>
      <symbol id="sm-384">
         <name>_STANDBY</name>
         <value>0xb7ae</value>
         <object_component_ref idref="oc-132"/>
      </symbol>
      <symbol id="sm-385">
         <name>_AuxXtalOscSel</name>
         <value>0xb78f</value>
         <object_component_ref idref="oc-132"/>
      </symbol>
      <symbol id="sm-391">
         <name>_F28x_usDelay</name>
         <value>0x9a</value>
         <object_component_ref idref="oc-ea"/>
      </symbol>
      <symbol id="sm-39e">
         <name>_main</name>
         <value>0x80a7</value>
         <object_component_ref idref="oc-12f"/>
      </symbol>
      <symbol id="sm-3b9">
         <name>_c_int00</name>
         <value>0x8000</value>
         <object_component_ref idref="oc-6f"/>
      </symbol>
      <symbol id="sm-3ba">
         <name>__stack</name>
         <value>0x400</value>
         <object_component_ref idref="oc-f4"/>
      </symbol>
      <symbol id="sm-3c6">
         <name>LL$$AND</name>
         <value>0x814f</value>
         <object_component_ref idref="oc-fa"/>
      </symbol>
      <symbol id="sm-3c7">
         <name>LL$$OR</name>
         <value>0x8157</value>
         <object_component_ref idref="oc-fa"/>
      </symbol>
      <symbol id="sm-3c8">
         <name>LL$$XOR</name>
         <value>0x815f</value>
         <object_component_ref idref="oc-fa"/>
      </symbol>
      <symbol id="sm-3d7">
         <name>_copy_in</name>
         <value>0x80f5</value>
         <object_component_ref idref="oc-12a"/>
      </symbol>
      <symbol id="sm-3e8">
         <name>_memcpy</name>
         <value>0x8119</value>
         <object_component_ref idref="oc-12e"/>
      </symbol>
      <symbol id="sm-3f4">
         <name>__system_pre_init</name>
         <value>0xb7fd</value>
         <object_component_ref idref="oc-129"/>
      </symbol>
      <symbol id="sm-401">
         <name>__system_post_cinit</name>
         <value>0xb7ff</value>
         <object_component_ref idref="oc-12b"/>
      </symbol>
      <symbol id="sm-415">
         <name>C$$EXIT</name>
         <value>0x8056</value>
         <object_component_ref idref="oc-12d"/>
      </symbol>
      <symbol id="sm-416">
         <name>_exit</name>
         <value>0x8058</value>
         <object_component_ref idref="oc-12d"/>
      </symbol>
      <symbol id="sm-417">
         <name>___TI_cleanup_ptr</name>
         <value>0xa9c2</value>
         <object_component_ref idref="oc-115"/>
      </symbol>
      <symbol id="sm-418">
         <name>___TI_enable_exit_profile_output</name>
         <value>0xa9c0</value>
         <object_component_ref idref="oc-115"/>
      </symbol>
      <symbol id="sm-419">
         <name>_abort</name>
         <value>0x8056</value>
         <object_component_ref idref="oc-12d"/>
      </symbol>
      <symbol id="sm-41a">
         <name>___TI_dtors_ptr</name>
         <value>0xa9c4</value>
         <object_component_ref idref="oc-115"/>
      </symbol>
      <symbol id="sm-42e">
         <name>__unlock</name>
         <value>0xa9c8</value>
         <object_component_ref idref="oc-139"/>
      </symbol>
      <symbol id="sm-42f">
         <name>__lock</name>
         <value>0xa9c6</value>
         <object_component_ref idref="oc-130"/>
      </symbol>
      <symbol id="sm-430">
         <name>__register_lock</name>
         <value>0xb7f8</value>
         <object_component_ref idref="oc-136"/>
      </symbol>
      <symbol id="sm-431">
         <name>__nop</name>
         <value>0xb7fc</value>
         <object_component_ref idref="oc-136"/>
      </symbol>
      <symbol id="sm-432">
         <name>__register_unlock</name>
         <value>0xb7f4</value>
         <object_component_ref idref="oc-136"/>
      </symbol>
      <symbol id="sm-441">
         <name>__args_main</name>
         <value>0x8136</value>
         <object_component_ref idref="oc-12c"/>
      </symbol>
   </symbol_table>
   <title>Link successful</title>
</link_info>
